{
    "tscore": 117302691,
    "rscore": 98658541,
    "pp": 1060,
    "plays": 17,
    "playtime": 2117,
    "total_hits": 11456
}
