{
    "id": 3,
    "mode": 0,
    "tscore": 106149900,
    "rscore": 92370390,
    "pp": 449,
    "plays": 9,
    "playtime": 1335,
    "acc": 97.367,
    "max_combo": 1932,
    "total_hits": 4730,
    "replay_views": 0,
    "xh_count": 0,
    "x_count": 0,
    "sh_count": 0,
    "s_count": 2,
    "a_count": 2
}
