{
    "id": 3,
    "name": "shinx",
    "safe_name": "shinx",
    "priv": 31879,
    "country": "gb",
    "creation_time": 1748697194,
    "latest_activity": 1748811533,
    "preferred_mode": 0,
    "userpage_content": "hello!"
}
